// Jest Snapshot v1, https://goo.gl/fbAQLP

exports[`homepage render match with snapshot 1`] = `
<body>
  <div>
    <div
      class="w-screen h-screen flex flex-col justify-center items-center"
    >
      <h1>
        Counter App
      </h1>
      <div
        class="flex items-center mt-4"
      >
        <button
          class="text-white bg-blue-700 hover:bg-blue-800 focus:ring-4 focus:ring-blue-300 font-medium rounded-lg text-sm px-5 py-2.5 mr-2 mb-2 dark:bg-blue-600 dark:hover:bg-blue-700 focus:outline-none dark:focus:ring-blue-800"
        >
          -
        </button>
        <h4
          class="text-2xl px-4 py-0"
        >
          0
        </h4>
        <button
          class="text-white bg-blue-700 hover:bg-blue-800 focus:ring-4 focus:ring-blue-300 font-medium rounded-lg text-sm px-5 py-2.5 mr-2 mb-2 dark:bg-blue-600 dark:hover:bg-blue-700 focus:outline-none dark:focus:ring-blue-800"
        >
          +
        </button>
      </div>
    </div>
  </div>
</body>
`;
